[2026-01-19T07:45:40.578Z] [AUTH_ACTION] createUser called with: {"name":"123","email":"me@gmail.com","password":"123123","role":"IT Editor"}
[2026-01-19T07:45:40.580Z] [AUTH_ACTION] Starting validation...
[2026-01-19T07:45:40.583Z] [AUTH_ACTION] createUser Validation Error: Validation failed - undefined
[2026-01-19T07:45:43.497Z] [AUTH_ACTION] createUser called with: {"name":"123","email":"me@gmail.com","password":"123123","role":"IT Editor"}
[2026-01-19T07:45:43.499Z] [AUTH_ACTION] Starting validation...
[2026-01-19T07:45:43.502Z] [AUTH_ACTION] createUser Validation Error: Validation failed - undefined
[2026-01-19T07:46:30.881Z] [AUTH_ACTION] createUser called with: {"name":"123","email":"me@gmail.com","password":"12312312","role":"IT Editor"}
[2026-01-19T07:46:30.884Z] [AUTH_ACTION] Starting validation...
[2026-01-19T07:46:30.887Z] [AUTH_ACTION] Validated: 123, me@gmail.com, IT Editor
[2026-01-19T07:46:30.889Z] [AUTH_ACTION] Checking for existing user...
[2026-01-19T07:46:30.905Z] [AUTH_ACTION] Hashing password...
[2026-01-19T07:46:31.426Z] [AUTH_ACTION] Creating user in DB...
[2026-01-19T07:46:31.491Z] [AUTH_ACTION] createUser Success: me@gmail.com
[2026-01-19T07:47:01.624Z] [AUTH_ACTION] createUser called with: {"name":"dp","email":"dp@jsbank.com","password":"123","role":"HR Editor"}
[2026-01-19T07:47:01.627Z] [AUTH_ACTION] Starting validation...
[2026-01-19T07:47:01.658Z] [AUTH_ACTION] createUser Validation Error: Password must be at least 8 characters - Issues: [{"origin":"string","code":"too_small","minimum":8,"inclusive":true,"path":["password"],"message":"Password must be at least 8 characters"}]
[2026-01-19T07:47:04.956Z] [AUTH_ACTION] createUser called with: {"name":"dp","email":"dp@jsbank.com","password":"123123123","role":"HR Editor"}
[2026-01-19T07:47:04.958Z] [AUTH_ACTION] Starting validation...
[2026-01-19T07:47:04.964Z] [AUTH_ACTION] Validated: dp, dp@jsbank.com, HR Editor
[2026-01-19T07:47:04.965Z] [AUTH_ACTION] Checking for existing user...
[2026-01-19T07:47:04.968Z] [AUTH_ACTION] Hashing password...
[2026-01-19T07:47:05.209Z] [AUTH_ACTION] Creating user in DB...
[2026-01-19T07:47:05.288Z] [AUTH_ACTION] createUser Success: dp@jsbank.com
[2026-01-19T08:54:52.092Z] [AUTH_ACTION] createUser called with: {"name":"123123","email":"gmail@gmail.com","password":"123123123","role":"Viewer"}
[2026-01-19T08:54:52.093Z] [AUTH_ACTION] Starting validation...
[2026-01-19T08:54:52.095Z] [AUTH_ACTION] Validated: 123123, gmail@gmail.com, Viewer
[2026-01-19T08:54:52.096Z] [AUTH_ACTION] Checking for existing user...
[2026-01-19T08:54:52.102Z] [AUTH_ACTION] Hashing password...
[2026-01-19T08:54:52.419Z] [AUTH_ACTION] Creating user in DB...
[2026-01-19T08:54:52.507Z] [AUTH_ACTION] createUser Success: gmail@gmail.com
